  Determining projects to restore...
  All projects are up-to-date for restore.
  IeuanWalker.MinimalApi.Endpoints.Generator -> C:\Users\c773975\source\repos\GHMine\MAE\src\IeuanWalker.MinimalApi.Endpoints.Generator\bin\Debug\netstandard2.0\IeuanWalker.MinimalApi.Endpoints.Generator.dll
  IeuanWalker.MinimalApi.Endpoints -> C:\Users\c773975\source\repos\GHMine\MAE\src\IeuanWalker.MinimalApi.Endpoints\bin\Debug\net10.0\IeuanWalker.MinimalApi.Endpoints.dll
  ExampleApi -> C:\Users\c773975\source\repos\GHMine\MAE\example\ExampleApi\bin\Debug\net10.0\ExampleApi.dll
  ExampleApi.IntegrationTests -> C:\Users\c773975\source\repos\GHMine\MAE\tests\ExampleApi.IntegrationTests\bin\Debug\net10.0\ExampleApi.IntegrationTests.dll
Test run for C:\Users\c773975\source\repos\GHMine\MAE\tests\ExampleApi.IntegrationTests\bin\Debug\net10.0\ExampleApi.IntegrationTests.dll (.NETCoreApp,Version=v10.0)
VSTest version 18.0.1 (x64)

Starting test execution, please wait...
A total of 1 test files matched the specified pattern.
dotnet : [xUnit.net 00:00:00.87]     ExampleApi.IntegrationTests.Infrastructure.OpenApiTests.OpenApiJson_ValidValidationStructure [FAIL]
At line:1 char:1
+ dotnet test tests/ExampleApi.IntegrationTests/ExampleApi.IntegrationT ...
+ ~~~~~~~~~~~~~~~~~~~~~~~~~~~~~~~~~~~~~~~~~~~~~~~~~~~~~~~~~~~~~~~~~~~~~
    + CategoryInfo          : NotSpecified: ([xUnit.net 00:0...tructure [FAIL]:String) [], RemoteException
    + FullyQualifiedErrorId : NativeCommandError
 
  Failed ExampleApi.IntegrationTests.Infrastructure.OpenApiTests.OpenApiJson_ValidValidationStructure [735 ms]
  Error Message:
   Shouldly.ShouldAssertException : normalizedActual
    should contain (case insensitive comparison)
""/api/v1/validation/DataAnnotations/FromQuery":{"get":{"tags":["Validation"],"summary":"DataAnnotationsFromQuery","operationId":"get_ValidationDataAnnotationsFromQuery_17","parameters":[{"name":"AllBuiltInStringValidators","in":"query","required":true,"schema":{"maxLength":22,"minLength":4,"pattern":"^[a-zA-Z0-9]+$","type":"string","description":"Validationrules:\n-Isrequired\n-Mustbeatleast4charactersandlessthan22characters\n-Mustbe4charactersormore\n-Mustbe22charactersorfewer\n-Mustmatchpattern:^[a-zA-Z0-9]+$\n-Mustbeavalidemailaddress\n-Mustbeavalidphonenumber\n-MustbeavalidURL\n-Mustbeavalidcreditcardnumber","format":"uri"}},{"name":"AllBuiltInNumberValidators","in":"query","required":true,"schema":{"maximum":25,"minimum":10,"type":"number","description":"Validationrules:\n-Isrequired\n-Mustbe>=10and<=25","format":"double"}},{"name":"RequiredString","in":"query","required":true,"schema":{"type":"string","description":"Validationrules:\n-Isrequired"}},{"name":"RequiredInt","in":"query","required":true,"schema":{"type":"integer","description":"Validationrules:\n-Isrequired","format":"int32"}},{"name":"StringLength","in":"query","required":true,"schema":{"maxLength":879,"minLength":12,"type":"string","description":"Validationrules:\n-Mustbeatleast12charactersandlessthan879characters"}},{"name":"StringMin","in":"query","required":true,"schema":{"minLength":3,"type":"string","description":"Validationrules:\n-Mustbe3charactersormore"}},{"name":"StringMax","in":"query","required":true,"schema":{"maxLength":100,"type":"string","description":"Validationrules:\n-Mustbe100charactersorfewer"}},{"name":"RangeInt","in":"query","required":true,"schema":{"maximum":25,"minimum":10,"type":"integer","description":"Validationrules:\n-Mustbe>=10and<=25","format":"int32"}},{"name":"RangeDateTime","in":"query","required":true,"schema":{"type":"string","description":"Validationrules:\n-Mustbebetween1996-06-08and2026-01-04","format":"date-time"}},{"name":"StringPattern","in":"query","required":true,"schema":{"pattern":"^[a-zA-Z0-9]+$","type":"string","description":"Validationrules:\n-Mustmatchpattern:^[a-zA-Z0-9]+$"}},{"name":"StringEmail","in":"query","required":true,"schema":{"type":"string","description":"Validationrules:\n-Mustbeavalidemailaddress","format":"email"}},{"name":"StringPhoneNumber","in":"query","required":true,"schema":{"type":"string","description":"Validationrules:\n-Mustbeavalidphonenumber"}},{"name":"StringUrl","in":"query","required":true,"schema":{"type":"string","description":"Validationrules:\n-MustbeavalidURL","format":"uri"}},{"name":"ActualUri","in":"query","schema":{"$ref":"#/components/schemas/System.Uri"}},{"name":"Compare1","in":"query","required":true,"schema":{"type":"string","description":"Validationrules:\n-MustmatchCompare2"}},{"name":"Compare2","in":"query","required":true,"schema":{"type":"string","description":"Validationrules:\n-MustmatchCompare1"}},{"name":"StringCreditCard","in":"query","required":true,"schema":{"type":"string","description":"Validationrules:\n-Mustbeavalidcreditcardnumber"}},{"name":"IntMinMax","in":"query","required":true,"schema":{"maximum":2147483647,"minimum":-2147483648,"type":"integer","description":"Validationrules:\n-Mustbe>=-2147483648and<=2147483647","format":"int32"}},{"name":"IntRange","in":"query","required":true,"schema":{"maximum":100,"minimum":1,"type":"integer","description":"Validationrules:\n-Mustbe>=1and<=100","format":"int32"}},{"name":"DoubleMinMax","in":"query","required":true,"schema":{"maximum":1.7976931348623157E+308,"minimum":-1.7976931348623157E+308,"type":"number","description":"Validationrules:\n-Mustbe>=-1.7976931348623157E+308and<=1.7976931348623157E+308","format":"double"}},{"name":"DoubleRange","in":"query","required":true,"schema":{"maximum":99.9,"minimum":0.1,"type":"number","description":"Validationrules:\n-Mustbe>=0.1and<=99.9","format":"double"}},{"name":"ListStringMinCount","in":"query","required":true,"schema":{"minLength":1,"type":"array","items":{"type":"string"},"description":"Validationrules:\n-Mustbe1itemsormore"}},{"name":"ListStringMaxCount","in":"query","required":true,"schema":{"maxLength":10,"type":"array","items":{"type":"string"},"description":"Validationrules:\n-Mustbe10itemsorfewer"}},{"name":"ListStringRangeCount","in":"query","required":true,"schema":{"maxLength":10,"minLength":1,"type":"array","items":{"type":"string"},"description":"Validationrules:\n-Mustbe1itemsormore\n-Mustbe10itemsorfewer"}},{"name":"ListIntMinCount","in":"query","required":true,"schema":{"minLength":1,"type":"array","items":{"type":"integer","format":"int32"},"description":"Validationrules:\n-Mustbe1itemsormore"}},{"name":"ListIntMaxCount","in":"query","required":true,"schema":{"maxLength":10,"type":"array","items":{"type":"integer","format":"int32"},"description":"Validationrules:\n-Mustbe10itemsorfewer"}},{"name":"ListIntRangeCount","in":"query","required":true,"schema":{"maxLength":10,"minLength":1,"type":"array","items":{"type":"integer","format":"int32"},"description":"Validationrules:\n-Mustbe1itemsormore\n-Mustbe10itemsorfewer"}},{"name":"CustomValidatedProperty","in":"query","required":true,"schema":{"type":"string","description":"Validationrules:\n-CustomValidatedPropertyisnotvalid."}},{"name":"CustomValidationWithDefaultMessage","in":"query","required":true,"schema":{"type":"string","description":"Validationrules:\n-Defaulterrormessage"}},{"name":"CustomValidationWithoutDefaultMessage","in":"query","required":true,"schema":{"type":"string","description":"Validationrules:\n-ThefieldCustomValidationWithoutDefaultMessageisinvalid."}},{"name":"CustomValidationWithoutDefaultMessageSetManually","in":"query","required":true,"schema":{"type":"string","description":"Validationrules:\n-Settingerrormessagemanually"}},{"name":"CustomValidationWithDefaultMessageOverrideMessage","in":"query","required":true,"schema":{"type":"string","description":"Validationrules:\n-Overrideerrormessage"}}],"responses":{"200":{"description":"OK"}}}},"/api/v1/validation/EndpointA":{"get":{"tags":["Validation"],"summary":"TestEndpointAwithNamepropertyvalidation","operationId":"get_ValidationEndpointA_18","parameters":[{"name":"Name","in":"query","required":true,"schema":{"minLength":5,"type":"string","description":"Validationrules:\n-Mustbe5charactersormore"}}],"responses":{"400":{"description":"BadRequest","content":{"application/problem+json":{"schema":{"$ref":"#/components/schemas/Microsoft.AspNetCore.Http.HttpValidationProblemDetails"}}}}}}},"/api/v1/validation/EndpointB":{"get":{"tags":["Validation"],"summary":"TestEndpointBwithNamepropertyvalidation","operationId":"get_ValidationEndpointB_19","parameters":[{"name":"Name","in":"query","required":true,"schema":{"minLength":10,"type":"string","description":"Validationrules:\n-Mustbe10charactersormore"}}],"responses":{"400":{"description":"BadRequest","content":{"application/problem+json":{"schema":{"$ref":"#/components/schemas/Microsoft.AspNetCore.Http.HttpValidationProblemDetails"}}}}}}},"/api/v1/validation/FluentValidation/FromQuery":{"get":{"tags":["Validation"],"summary":"FluentValidationFromQuery","operationId":"get_ValidationFluentValidationFromQuery_20","parameters":[{"name":"StringMin","in":"query","required":true,"schema":{"minLength":3,"type":"string","description":"Validationrules:\n-Mustbe3charactersormore"}},{"name":"StringMax","in":"query","required":true,"schema":{"maxLength":50,"type":"string","description":"Validationrules:\n-Mustbe50charactersorfewer"}},{"name":"StringRange","in":"query","required":true,"schema":{"maxLength":50,"minLength":3,"type":"string","description":"Validationrules:\n-Mustbeatleast3charactersandlessthan50characters"}},{"name":"StringPattern","in":"query","required":true,"schema":{"pattern":"^[a-zA-Z0-9]+$","type":"string","description":"Validationrules:\n-Mustmatchpattern:^[a-zA-Z0-9]+$"}},{"name":"IntMin","in":"query","required":true,"schema":{"minimum":1,"type":"integer","description":"Validationrules:\n-Mustbe>=1","format":"int32"}},{"name":"IntMax","in":"query","required":true,"schema":{"maximum":100,"type":"integer","description":"Validationrules:\n-Mustbe<=100","format":"int32"}},{"name":"IntRange","in":"query","required":true,"schema":{"maximum":100,"minimum":1,"type":"integer","description":"Validationrules:\n-Mustbe>=1and<=100","format":"int32"}},{"name":"DoubleMin","in":"query","required":true,"schema":{"minimum":0.1,"type":"number","description":"Validationrules:\n-Mustbe>=0.1","format":"double"}},{"name":"DoubleMax","in":"query","required":true,"schema":{"maximum":99.9,"type":"number","description":"Validationrules:\n-Mustbe<=99.9","format":"double"}},{"name":"DoubleRange","in":"query","required":true,"schema":{"maximum":99.9,"minimum":0.1,"type":"number","description":"Validationrules:\n-Mustbe>=0.1and<=99.9","format":"double"}},{"name":"ListStringMinCount","in":"query","required":true,"schema":{"type":"array","items":{"type":"string"},"description":"Validationrules:\n-Mustcontainatleast1item."}},{"name":"ListStringMaxCount","in":"query","required":true,"schema":{"type":"array","items":{"type":"string"},"description":"Validationrules:\n-Mustcontainatmost10items."}},{"name":"ListStringRangeCount","in":"query","required":true,"schema":{"type":"array","items":{"type":"string"},"description":"Validationrules:\n-Mustcontainbetween1and10items."}},{"name":"ListIntMinCount","in":"query","required":true,"schema":{"type":"array","items":{"type":"integer","format":"int32"},"description":"Validationrules:\n-Mustcontainatleast1item."}},{"name":"ListIntMaxCount","in":"query","required":true,"schema":{"type":"array","items":{"type":"integer","format":"int32"},"description":"Validationrules:\n-Mustcontainatmost10items."}},{"name":"ListIntRangeCount","in":"query","required":true,"schema":{"type":"array","items":{"type":"integer","format":"int32"},"description":"Validationrules:\n-Mustcontainbetween1and10items."}},{"name":"AllBuiltInStringValidators","in":"query","required":true,"schema":{"maxLength":250,"minLength":2,"pattern":"^[a-zA-Z0-9]+$","type":"string","description":"Validationrules:\n-Isrequired\n-Mustnotbeequalto'TestNotEqual'.\n-Mustbeequalto'TestEqual'.\n-Mustbeatleast2charactersandlessthan250characters\n-Mustbe250charactersorfewer\n-Mustbe2charactersormore\n-Thespecifiedconditionwasnotmetfor'AllBuiltInStringValidators'.\n-Mustmatchpattern:^[a-zA-Z0-9]+$\n-Mustbeavalidemailaddress\n-Mustbeavalidcreditcardnumber\n-Mustbeempty.","format":"email"}},{"name":"AllBuiltInNumberValidators","in":"query","required":true,"schema":{"maximum":100,"exclusiveMaximum":true,"minimum":0,"exclusiveMinimum":true,"type":"number","description":"Validationrules:\n-Isrequired\n-Mustnotbeequalto'10'.\n-Mustbeequalto'10'.\n-Mustbe<100\n-Mustbelessthan'MaxNumberTest'.\n-Mustbe<=100\n-Mustbelessthanorequalto'MaxNumberTest'.\n-Mustbe>0\n-Mustbegreaterthan'MinNumberTest'.\n-Mustbe>=1\n-Mustbegreaterthanorequalto'MinNumberTest'.\n-Mustbeempty.\n-Mustbe>=1and<=10\n-Mustnotbemorethan4digitsintotal,withallowancefor2decimals.XdigitsandYdecimalswerefound.","format":"double"}},{"name":"MaxNumberTest","in":"query","required":true,"schema":{"type":"integer","format":"int32"}},{"name":"MinNumberTest","in":"query","required":true,"schema":{"type":"integer","format":"int32"}},{"name":"EnumStringValidator","in":"query","required":true,"schema":{"type":"string","description":"Enum:Success,Failure","enum":["Success","Failure"]}},{"name":"EnumIntValidator","in":"query","required":true,"schema":{"type":"integer","description":"Enum:Success,Failure","format":"int32","enum":[0,1],"x-enum-varnames":["Success","Failure"]}},{"name":"EnumTest","in":"query","required":true,"schema":{"$ref":"#/components/schemas/ExampleApi.Endpoints.Validation.GetFluentValidationFromQuery.StatusEnum"}}],"responses":{"400":{"description":"BadRequest","content":{"application/problem+json":{"schema":{"$ref":"#/components/schemas/Microsoft.AspNetCore.Http.HttpValidationProblemDetails"}}}}}}},"/api/v1/validation/DataValidation":{"post":{"tags":["Validation"],"summary":"DataAnnotationsFromBody","operationId":"post_ValidationDataValidation_21","requestBody":{"content":{"application/json":{"schema":{"$ref":"#/components/schemas/ExampleApi.Endpoints.Validation.PostDataAnnotationsFromBody.RequestModel"}}}},"responses":{"200":{"description":"OK"}}}},"/api/v1/validation/FluentValidation":{"post":{"tags":["Validation"],"summary":"FluentValidationFromBody","operationId":"post_ValidationFluentValidation_22","requestBody":{"content":{"application/json":{"schema":{"$ref":"#/components/schemas/ExampleApi.Endpoints.Validation.PostFluentValidation.RequestModel"}}}},"responses":{"400":{"description":"BadRequest","content":{"application/problem+json":{"schema":{"$ref":"#/components/schemas/Microsoft.AspNetCore.Http.HttpValidationProblemDetails"}}}}}}},"/api/v1/validation/FluentValidation/FromForm":{"post":{"tags":["Validation"],"summary":"FluentValidationFromForm","operationId":"post_ValidationFluentValidationFromForm_23","requestBody":{"content":{"multipart/form-data":{"schema":{"$ref":"#/components/schemas/ExampleApi.Endpoints.Validation.PostFluentValidationFromFrom.RequestModel"}},"application/x-www-form-urlencoded":{"schema":{"$ref":"#/components/schemas/ExampleApi.Endpoints.Validation.PostFluentValidationFromFrom.RequestModel"}}},"required":true},"responses":{"400":{"description":"BadRequest","content":{"application/problem+json":{"schema":{"$ref":"#/components/schemas/Microsoft.AspNetCore.Http.HttpValidationProblemDetails"}}}}}}},"/api/v1/validation/WithValidation":{"post":{"tags":["Validation"],"summary":"ManualWithValidation","operationId":"post_ValidationWithValidation_24","requestBody":{"content":{"application/json":{"schema":{"$ref":"#/components/schemas/ExampleApi.Endpoints.Validation.PostWithValidation.RequestModel"}}}},"responses":{"200":{"description":"OK"}}}},"/api/v1/validation/WithValidation/AlterAndRemove":{"post":{"tags":["Validation"],"summary":"WithValidationAlterAndRemove","operationId":"post_ValidationWithValidationAlterAndRemove_25","requestBody":{"content":{"multipart/form-data":{"schema":{"$ref":"#/components/schemas/ExampleApi.Endpoints.Validation.PostWithValidationAlterRemove.RequestModel"}},"application/x-www-form-urlencoded":{"schema":{"$ref":"#/components/schemas/ExampleApi.Endpoints.Validation.PostWithValidationAlterRemove.RequestModel"}}},"required":true},"responses":{"400":{"description":"BadRequest","content":{"application/problem+json":{"schema":{"$ref":"#/components/schemas/Microsoft.AspNetCore.Http.HttpValidationProblemDetails"}}}}}}}"
    but was actually
"{"openapi":"3.0.4","info":{"title":"TestAPI","version":"1"},"servers":[{"url":"http://localhost/"}],..."
  Stack Trace:
     at ExampleApi.IntegrationTests.Infrastructure.OpenApiTests.OpenApiJson_ValidValidationStructure() in C:\Users\c773975\source\repos\GHMine\MAE\tests\ExampleApi.IntegrationTests\Infrastructure\OpenApiTests.Validation.cs:line 14
   at System.Runtime.ExceptionServices.ExceptionDispatchInfo.Throw()
   at System.Runtime.CompilerServices.TaskAwaiter.ThrowForNonSuccess(Task task)
   at System.Runtime.CompilerServices.TaskAwaiter.HandleNonSuccessAndDebuggerNotification(Task task, ConfigureAwaitOptions options)
--- End of stack trace from previous location ---
   at System.Runtime.ExceptionServices.ExceptionDispatchInfo.Throw()
   at System.Runtime.CompilerServices.TaskAwaiter.ThrowForNonSuccess(Task task)
   at System.Runtime.CompilerServices.TaskAwaiter.HandleNonSuccessAndDebuggerNotification(Task task, ConfigureAwaitOptions options)
   at System.Runtime.ExceptionServices.ExceptionDispatchInfo.Throw()
   at System.Runtime.CompilerServices.TaskAwaiter.ThrowForNonSuccess(Task task)
   at System.Runtime.CompilerServices.TaskAwaiter.HandleNonSuccessAndDebuggerNotification(Task task, ConfigureAwaitOptions options)

Failed!  - Failed:     1, Passed:     0, Skipped:     0, Total:     1, Duration: 743 ms - ExampleApi.IntegrationTests.dll (net10.0)
